// Jest Snapshot v1, https://goo.gl/fbAQLP

exports[`AddProperty the page renders correctly against snapshot 1`] = `
<DocumentFragment>
  <div
    class="AddProperty"
    data-testid="AddProperty"
  >
    <form
      class="add-property-form"
      data-testid="property-form"
    >
      <label
        class="form-label"
      >
        Title:
        <input
          class="form-input"
          id="title"
          name="title"
          value=""
        />
      </label>
      <label
        class="form-label"
      >
        City:
        <div
          class="form-select"
        >
          <select
            class="form-options"
            id="city"
            name="city"
          >
            <option
              value="Manchester"
            >
              Manchester
            </option>
            <option
              value="Leeds"
            >
              Leeds
            </option>
            <option
              value="Sheffield"
            >
              Sheffield
            </option>
            <option
              value="Liverpool"
            >
              Liverpool
            </option>
          </select>
        </div>
      </label>
      <label
        class="form-label"
      >
        Type:
        <div
          class="form-select"
        >
          <select
            class="form-options"
            id="type"
            name="type"
          >
            <option
              value="Flat"
            >
              Flat
            </option>
            <option
              value="Detached"
            >
              Detached
            </option>
            <option
              value="Semi-Detached"
            >
              Semi-Detached
            </option>
            <option
              value="Terraced"
            >
              Terraced
            </option>
            <option
              value="End of Terrace"
            >
              End of Terrace
            </option>
            <option
              value="Cottage"
            >
              Cottage
            </option>
            <option
              value="Bungalow"
            >
              Bungalow
            </option>
          </select>
        </div>
      </label>
      <label
        class="form-label"
      >
        Bedrooms:
        <div
          class="form-select"
        >
          <select
            class="form-options"
            id="bedrooms"
            name="bedrooms"
          >
            <option
              value="1"
            >
              1
            </option>
            <option
              value="2"
            >
              2
            </option>
            <option
              value="3"
            >
              3
            </option>
            <option
              value="4"
            >
              4
            </option>
            <option
              value="5"
            >
              5+
            </option>
          </select>
        </div>
      </label>
      <label
        class="form-label"
      >
        Bathrooms:
        <div
          class="form-select"
        >
          <select
            class="form-options"
            id="bathrooms"
            name="bathrooms"
          >
            <option
              value="1"
            >
              1
            </option>
            <option
              value="2"
            >
              2
            </option>
            <option
              value="3"
            >
              3
            </option>
            <option
              value="4"
            >
              4
            </option>
            <option
              value="5"
            >
              5+
            </option>
          </select>
        </div>
      </label>
      <label
        class="form-label"
      >
        Price (Â£):
        <input
          class="form-input"
          id="price"
          min="0"
          name="price"
          step="1"
          type="number"
          value="100000"
        />
      </label>
      <label
        class="form-label"
      >
        Email:
        <input
          class="form-input"
          id="email"
          name="email"
          type="email"
          value="yourName@example.com"
        />
      </label>
      <button
        class="add-property-button"
        type="submit"
      >
        Add
      </button>
    </form>
  </div>
</DocumentFragment>
`;
