// Jest Snapshot v1, https://goo.gl/fbAQLP

exports[`FavouriteCard it renders correctly against snapshot 1`] = `
<DocumentFragment>
  <div
    class="favourite-card"
  >
    <div
      class="favourite-card__detail"
    >
      test property
    </div>
    <button
      class="favourite-card__btn favourite-card__btn--email"
    >
      <a
        class="favourite-card__mailto"
        href="mailto:test@test.com"
      >
        Email
      </a>
    </button>
    <button
      class="favourite-card__btn favourite-card__btn--remove"
      href="#"
    >
      Remove
    </button>
  </div>
</DocumentFragment>
`;
